// Jest Snapshot v1, https://goo.gl/fbAQLP

exports[`Questions Should render questions properly 1`] = `
<div>
  <h1>
    Application Questions
  </h1>
  <button
    onClick={[Function]}
  >
    Add new question
  </button>
</div>
`;

exports[`Questions Should render without questions properly 1`] = `
<div>
  <h1>
    Application Questions
  </h1>
  <button
    onClick={[Function]}
  >
    Add new question
  </button>
</div>
`;
